{"timestamp":"2026-07-27T20:13:53.426Z","method":"POST","url":"/api/v2/patient/register","ip":"::1","user":"doctor123","payload":{"name":"&lt;script&gt;alert(1)&lt;/script&gt;","phone":"08012345678","password":"***MASKED***"}}
{"timestamp":"2026-07-28T10:58:10.040Z","method":"POST","url":"/api/v1/auth/login","ip":"::1","user":"anonymous","payload":{"username":"admin","password":"***MASKED***"}}
{"timestamp":"2026-07-28T10:58:54.687Z","method":"POST","url":"/api/v1/auth/login","ip":"::1","user":"anonymous","payload":{"username":"admin","password":"***MASKED***"}}
{"timestamp":"2026-07-28T11:09:52.029Z","method":"POST","url":"/api/v1/auth/login","ip":"::1","user":"anonymous","payload":{"username":"admin","password":"***MASKED***"}}
{"timestamp":"2026-07-28T11:10:22.336Z","method":"POST","url":"/api/v1/auth/login","ip":"::1","user":"anonymous","payload":{"username":"admin","password":"***MASKED***"}}
{"timestamp":"2026-07-28T11:10:23.779Z","method":"POST","url":"/api/v1/auth/login","ip":"::1","user":"anonymous","payload":{"username":"admin","password":"***MASKED***"}}
{"timestamp":"2026-07-28T11:14:53.330Z","method":"POST","url":"/api/v1/auth/login","ip":"::1","user":"anonymous","payload":{"username":"admin","password":"***MASKED***"}}
{"timestamp":"2026-08-01T08:07:51.422Z","method":"POST","url":"/api/v1/auth/login","ip":"::1","user":"anonymous","payload":{"username":"admin","password":"***MASKED***"}}
{"timestamp":"2026-08-01T08:07:51.441Z","method":"POST","url":"/api/v1/auth/login","ip":"::1","user":"anonymous","payload":{"username":"drjones","password":"***MASKED***"}}
{"timestamp":"2026-08-01T08:07:51.444Z","method":"POST","url":"/api/v1/auth/login","ip":"::1","user":"anonymous","payload":{"username":"drjones","password":"***MASKED***"}}
{"timestamp":"2026-08-01T08:14:05.669Z","method":"POST","url":"/api/v1/auth/login","ip":"::1","user":"anonymous","payload":{"username":"admin","password":"***MASKED***"}}
{"timestamp":"2026-08-01T08:14:05.683Z","method":"POST","url":"/api/v1/auth/login","ip":"::1","user":"anonymous","payload":{"username":"drjones","password":"***MASKED***"}}
{"timestamp":"2026-08-01T08:14:05.688Z","method":"POST","url":"/api/v2/auth/reset","ip":"::1","user":"anonymous","payload":{"username":"drjones","otp":"123456","newPassword":"newpass456"}}
{"timestamp":"2026-08-01T08:14:05.696Z","method":"POST","url":"/api/v1/auth/login","ip":"::1","user":"anonymous","payload":{"username":"drjones","password":"***MASKED***"}}
{"timestamp":"2026-08-03T15:00:17.705Z","method":"POST","url":"/api/v2/patient/auth/signup","ip":"::1","user":"anonymous","payload":{"name":"Test Patient","phone":"08012345999","sex":"Male","dob":"1990-05-15"}}
{"timestamp":"2026-08-03T15:19:28.235Z","method":"POST","url":"/api/v2/patient/auth/signup","ip":"::1","user":"anonymous","payload":{"name":"Full Test User","phone":"08011223344","sex":"Female","dob":"1985-10-12","marital_status":"Married","tribe":"Igbo","religion":"Christianity","occupation":"Trader","address":"No 4 Zik Ave","community":"Uwani","lga":"Enugu South","next_of_kin":"John Doe","next_of_kin_phone":"08099887766","next_of_kin_relationship":"Spouse"}}
{"timestamp":"2026-08-04T15:32:10.756Z","method":"POST","url":"/api/v2/patient/auth/otp/request","ip":"::1","user":"anonymous","payload":{"contact":"jispalandre@gmail.com"}}
{"timestamp":"2026-08-07T14:28:31.622Z","method":"POST","url":"/api/v2/auth/login","ip":"::1","user":"anonymous","payload":{"username":"admin","password":"***MASKED***"}}
{"timestamp":"2026-08-07T14:28:32.725Z","method":"POST","url":"/api/v2/auth/login","ip":"::1","user":"anonymous","payload":{"username":"admin","password":"***MASKED***"}}
{"timestamp":"2026-08-07T14:28:33.357Z","method":"POST","url":"/api/v2/auth/login","ip":"::1","user":"anonymous","payload":{"username":"admin","password":"***MASKED***"}}
{"timestamp":"2026-08-07T14:28:33.511Z","method":"POST","url":"/api/v2/auth/login","ip":"::1","user":"anonymous","payload":{"username":"admin","password":"***MASKED***"}}
{"timestamp":"2026-08-07T14:28:33.657Z","method":"POST","url":"/api/v2/auth/login","ip":"::1","user":"anonymous","payload":{"username":"admin","password":"***MASKED***"}}
{"timestamp":"2026-08-07T14:35:57.670Z","method":"POST","url":"/api/v2/auth/login","ip":"::1","user":"anonymous","payload":{"username":"admin","password":"***MASKED***"}}
{"timestamp":"2026-08-07T14:36:25.952Z","method":"POST","url":"/api/v2/auth/login","ip":"::1","user":"anonymous","payload":{"username":"admin","password":"***MASKED***"}}
{"timestamp":"2026-08-07T14:36:50.298Z","method":"POST","url":"/api/v2/auth/login","ip":"::1","user":"anonymous","payload":{"username":"admin","password":"***MASKED***"}}
{"timestamp":"2026-08-07T14:39:46.603Z","method":"POST","url":"/api/v2/auth/login","ip":"::1","user":"anonymous","payload":{"username":"admin","password":"***MASKED***"}}
{"timestamp":"2026-08-07T14:40:04.129Z","method":"POST","url":"/api/v2/auth/login","ip":"::1","user":"anonymous","payload":{"username":"admin","password":"***MASKED***"}}
{"timestamp":"2026-08-07T14:40:05.471Z","method":"POST","url":"/api/v2/auth/login","ip":"::1","user":"anonymous","payload":{"username":"admin","password":"***MASKED***"}}
{"timestamp":"2026-08-07T14:40:05.786Z","method":"POST","url":"/api/v2/auth/login","ip":"::1","user":"anonymous","payload":{"username":"admin","password":"***MASKED***"}}
{"timestamp":"2026-08-07T14:40:06.025Z","method":"POST","url":"/api/v2/auth/login","ip":"::1","user":"anonymous","payload":{"username":"admin","password":"***MASKED***"}}
{"timestamp":"2026-08-07T14:40:06.269Z","method":"POST","url":"/api/v2/auth/login","ip":"::1","user":"anonymous","payload":{"username":"admin","password":"***MASKED***"}}
{"timestamp":"2026-08-08T14:37:40.367Z","method":"POST","url":"/api/v2/auth/login","ip":"::1","user":"anonymous","payload":{"username":"admin","password":"***MASKED***"}}
{"timestamp":"2026-08-08T14:37:41.808Z","method":"POST","url":"/api/v2/auth/login","ip":"::1","user":"anonymous","payload":{"username":"admin","password":"***MASKED***"}}
{"timestamp":"2026-08-08T14:37:41.968Z","method":"POST","url":"/api/v2/auth/login","ip":"::1","user":"anonymous","payload":{"username":"admin","password":"***MASKED***"}}
{"timestamp":"2026-08-08T14:37:42.124Z","method":"POST","url":"/api/v2/auth/login","ip":"::1","user":"anonymous","payload":{"username":"admin","password":"***MASKED***"}}
{"timestamp":"2026-08-08T14:37:55.534Z","method":"POST","url":"/api/v2/auth/login","ip":"::1","user":"anonymous","payload":{"username":"admin","password":"***MASKED***"}}
{"timestamp":"2026-08-08T15:31:39.217Z","method":"POST","url":"/api/v2/auth/login","ip":"::1","user":"anonymous","payload":{"username":"admin","password":"***MASKED***"}}
{"timestamp":"2026-08-08T15:31:41.453Z","method":"POST","url":"/api/v2/auth/login","ip":"::1","user":"anonymous","payload":{"username":"admin","password":"***MASKED***"}}
{"timestamp":"2026-08-08T15:31:41.855Z","method":"POST","url":"/api/v2/auth/login","ip":"::1","user":"anonymous","payload":{"username":"admin","password":"***MASKED***"}}
{"timestamp":"2026-08-08T15:31:57.520Z","method":"POST","url":"/api/v2/auth/login","ip":"::1","user":"anonymous","payload":{"username":"admin","password":"***MASKED***"}}
{"timestamp":"2026-08-08T15:32:04.952Z","method":"POST","url":"/api/v2/auth/login","ip":"::1","user":"anonymous","payload":{"username":"admin","password":"***MASKED***"}}
{"timestamp":"2026-08-08T15:37:19.062Z","method":"POST","url":"/api/v2/auth/login","ip":"::1","user":"anonymous","payload":{"username":"admin","password":"***MASKED***"}}
{"timestamp":"2026-08-08T15:48:48.692Z","method":"POST","url":"/api/v2/auth/login","ip":"::1","user":"anonymous","payload":{"username":"admin","password":"***MASKED***"}}
{"timestamp":"2026-08-08T15:48:51.303Z","method":"POST","url":"/api/v2/auth/login","ip":"::1","user":"anonymous","payload":{"username":"admin","password":"***MASKED***"}}
{"timestamp":"2026-08-08T15:48:51.584Z","method":"POST","url":"/api/v2/auth/login","ip":"::1","user":"anonymous","payload":{"username":"admin","password":"***MASKED***"}}
{"timestamp":"2026-08-08T15:48:51.746Z","method":"POST","url":"/api/v2/auth/login","ip":"::1","user":"anonymous","payload":{"username":"admin","password":"***MASKED***"}}
{"timestamp":"2026-08-08T15:48:51.899Z","method":"POST","url":"/api/v2/auth/login","ip":"::1","user":"anonymous","payload":{"username":"admin","password":"***MASKED***"}}
{"timestamp":"2026-08-08T15:48:52.086Z","method":"POST","url":"/api/v2/auth/login","ip":"::1","user":"anonymous","payload":{"username":"admin","password":"***MASKED***"}}
{"timestamp":"2026-08-08T15:54:58.086Z","method":"POST","url":"/api/v2/auth/login","ip":"::1","user":"anonymous","payload":{"username":"admin","password":"***MASKED***"}}
{"timestamp":"2026-08-08T15:55:37.541Z","method":"POST","url":"/api/v2/auth/login","ip":"::1","user":"anonymous","payload":{"username":"admin","password":"***MASKED***"}}
{"timestamp":"2026-08-08T15:57:34.704Z","method":"POST","url":"/api/v2/auth/login","ip":"::1","user":"anonymous","payload":{"username":"admin","password":"***MASKED***"}}
{"timestamp":"2026-08-08T16:00:04.436Z","method":"POST","url":"/api/v2/auth/login","ip":"::1","user":"anonymous","payload":{"username":"admin","password":"***MASKED***"}}
{"timestamp":"2026-08-08T16:15:47.151Z","method":"POST","url":"/api/v2/auth/login","ip":"::1","user":"anonymous","payload":{"username":"admin","password":"***MASKED***"}}
{"timestamp":"2026-08-08T16:30:54.214Z","method":"POST","url":"/api/v2/auth/login","ip":"::1","user":"anonymous","payload":{"username":"admin","password":"***MASKED***"}}
{"timestamp":"2026-08-08T16:33:56.659Z","method":"POST","url":"/api/v2/auth/login","ip":"::1","user":"anonymous","payload":{"username":"admin","password":"***MASKED***"}}
{"timestamp":"2026-08-08T16:54:53.678Z","method":"POST","url":"/api/v2/auth/login","ip":"::1","user":"anonymous","payload":{"username":"admin","password":"***MASKED***"}}
{"timestamp":"2026-08-08T17:24:55.453Z","method":"POST","url":"/api/v2/auth/login","ip":"::1","user":"anonymous","payload":{"username":"admin","password":"***MASKED***"}}
{"timestamp":"2026-08-10T13:08:32.490Z","method":"POST","url":"/api/v2/auth/login","ip":"::1","user":"anonymous","payload":{"username":"admin","password":"***MASKED***"}}
{"timestamp":"2026-08-10T13:09:39.246Z","method":"POST","url":"/api/v2/auth/login","ip":"::1","user":"anonymous","payload":{"username":"admin","password":"***MASKED***"}}
{"timestamp":"2026-08-10T13:12:02.015Z","method":"POST","url":"/api/v2/auth/login","ip":"::1","user":"anonymous","payload":{"username":"admin","password":"***MASKED***"}}
{"timestamp":"2026-08-10T13:12:17.130Z","method":"POST","url":"/api/v2/patients","ip":"::1","user":"anonymous","payload":{"name":"DANIEL KINGSEY ENE","age":22,"sex":"Female","religion":"","nationality":"Nigerian","tribe":"Ibibio","insurance":"Private Pay","lga":"Jos North"}}
{"timestamp":"2026-08-10T13:20:18.937Z","method":"POST","url":"/api/v2/auth/login","ip":"::1","user":"anonymous","payload":{"username":"admin","password":"***MASKED***"}}
{"timestamp":"2026-08-10T13:26:40.344Z","method":"POST","url":"/api/v2/auth/login","ip":"::1","user":"anonymous","payload":{"username":"admin","password":"***MASKED***"}}
{"timestamp":"2026-08-10T13:49:03.532Z","method":"POST","url":"/api/v2/auth/login","ip":"::1","user":"anonymous","payload":{"username":"admin","password":"***MASKED***"}}
{"timestamp":"2026-08-10T13:51:33.411Z","method":"POST","url":"/api/v2/patients","ip":"::1","user":"anonymous","payload":{"name":"DANIEL KINGSEY ENE","age":22,"sex":"Female","religion":"","nationality":"Nigerian","tribe":"Ibibio","insurance":"Private Pay","lga":"Jos North"}}
{"timestamp":"2026-08-10T13:51:34.718Z","method":"POST","url":"/api/v2/patients","ip":"::1","user":"anonymous","payload":{"name":"DANIEL KINGSEY ENE","age":22,"sex":"Female","religion":"","nationality":"Nigerian","tribe":"Ibibio","insurance":"Private Pay","lga":"Jos North"}}
{"timestamp":"2026-08-10T14:19:42.250Z","method":"POST","url":"/api/v2/auth/login","ip":"::1","user":"anonymous","payload":{"username":"admin","password":"***MASKED***"}}
{"timestamp":"2026-08-10T14:22:32.875Z","method":"POST","url":"/api/v2/patients","ip":"::1","user":"anonymous","payload":{"name":"DANIEL KINGSEY ENE","age":22,"sex":"Female","religion":"","nationality":"Nigerian","tribe":"Ibibio","insurance":"Private Pay","lga":"Jos North"}}
